Testing Webex Token: ZjAxOTNlNz...
1. Testing People API (Me)...
??Success! Bot Email: webex.siri@webex.bot

2. Testing Meeting Creation...
node : ??Error during
 Webex test:
위치 줄:1 문자:1
+ node test-webex.js 
> test-output.txt 2>&
1
+ ~~~~~~~~~~~~~~~~~~~
~~~~~~~~~~~~~~~~~~~~~
~
    + CategoryInfo   
           : NotSpe  
  cified: (??Error   
  during Webex te    
st::String) [],     R
emoteException
    + FullyQualified 
   ErrorId : Native  
  CommandError
 
Status: 403
Data: {
  "message": "The ser
ver understood the re
quest, but refused to
 fulfill it because t
he access token is mi
ssing required scopes
 or the user is missi
ng required roles or 
licenses.",
  "errors": [
    {
      "description": 
"The server understoo
d the request, but re
fused to fulfill it b
ecause the access tok
en is missing require
d scopes or the user 
is missing required r
oles or licenses."
    }
  ],
  "trackingId": "ROUT
ERGW_f72bd54f-c9fe-48
34-9bd5-1b0d8e5e0ae9"
}
